// Jest Snapshot v1, https://goo.gl/fbAQLP

exports[`UploadImage.vue Test that the component show a progress bar 1`] = `
<vlisttile-stub
  activeclass="primary--text"
  id="add-image"
>
  <vlisttiletitle-stub>
    <input
      accept="image/*"
      hidden="hidden"
      type="file"
    />
  </vlisttiletitle-stub>
</vlisttile-stub>
`;
